\BOOKMARK [1][-]{section.1}{\376\377\0001\000\040\004\022\004\062\004\065\004\064\004\065\004\075\004\070\004\065}{}% 1
\BOOKMARK [2][-]{subsection.1.1}{\376\377\0001\000.\0001\000\040\004\046\004\065\004\073\004\114\000\040\004\100\004\060\004\061\004\076\004\102\004\113}{section.1}% 2
\BOOKMARK [2][-]{subsection.1.2}{\376\377\0001\000.\0002\000\040\004\027\004\060\004\064\004\060\004\107\004\070\000\040\004\100\004\060\004\061\004\076\004\102\004\113}{section.1}% 3
\BOOKMARK [2][-]{subsection.1.3}{\376\377\0001\000.\0003\000\040\004\020\004\072\004\102\004\103\004\060\004\073\004\114\004\075\004\076\004\101\004\102\004\114\000\040\004\102\004\065\004\074\004\113}{section.1}% 4
\BOOKMARK [1][-]{section.2}{\376\377\0002\000\040\004\042\004\065\004\076\004\100\004\065\004\102\004\070\004\107\004\065\004\101\004\072\004\060\004\117\000\040\004\107\004\060\004\101\004\102\004\114}{}% 5
\BOOKMARK [2][-]{subsection.2.1}{\376\377\0002\000.\0001\000\040\004\030\004\101\004\102\004\076\004\100\004\070\004\117\000\040\004\100\004\060\004\067\004\062\004\070\004\102\004\070\004\117\000\040\004\101\004\070\004\101\004\102\004\065\004\074\000\040\004\103\004\077\004\100\004\060\004\062\004\073\004\065\004\075\004\070\004\117\000\040\004\061\004\070\004\061\004\073\004\070\004\076\004\063\004\100\004\060\004\104\004\070\004\065\004\071}{section.2}% 6
\BOOKMARK [2][-]{subsection.2.2}{\376\377\0002\000.\0002\000\040\004\030\004\075\004\101\004\102\004\100\004\103\004\074\004\065\004\075\004\102\004\113\000\040\004\064\004\073\004\117\000\040\004\100\004\060\004\061\004\076\004\102\004\113\000\040\004\101\000\040\004\061\004\070\004\061\004\073\004\070\004\076\004\063\004\100\004\060\004\104\004\070\004\065\004\071}{section.2}% 7
\BOOKMARK [3][-]{subsubsection.2.2.1}{\376\377\0002\000.\0002\000.\0001\000\040\000B\000i\000b\000T\000e\000X}{subsection.2.2}% 8
\BOOKMARK [3][-]{subsubsection.2.2.2}{\376\377\0002\000.\0002\000.\0002\000\040\000B\000i\000b\000l\000a\000t\000e\000x\000\040\004\070\000\040\000B\000i\000b\000e\000r}{subsection.2.2}% 9
\BOOKMARK [2][-]{subsection.2.3}{\376\377\0002\000.\0003\000\040\004\041\004\102\004\100\004\103\004\072\004\102\004\103\004\100\004\060\000\040\004\104\004\060\004\071\004\073\004\060\000\040\004\061\004\070\004\061\004\073\004\070\004\076\004\063\004\100\004\060\004\104\004\070\004\070}{section.2}% 10
\BOOKMARK [3][-]{subsubsection.2.3.1}{\376\377\0002\000.\0003\000.\0001\000\040\004\042\004\070\004\077\004\113\000\040\004\061\004\070\004\061\004\073\004\070\004\076\004\063\004\100\004\060\004\104\004\070\004\107\004\065\004\101\004\072\004\070\004\105\000\040\004\067\004\060\004\077\004\070\004\101\004\065\004\071}{subsection.2.3}% 11
\BOOKMARK [2][-]{subsection.2.4}{\376\377\0002\000.\0004\000\040\004\032\004\076\004\074\004\060\004\075\004\064\004\113\000\040\004\106\004\070\004\102\004\070\004\100\004\076\004\062\004\060\004\075\004\070\004\117}{section.2}% 12
\BOOKMARK [1][-]{section.3}{\376\377\0003\000\040\004\037\004\100\004\060\004\072\004\102\004\070\004\107\004\065\004\101\004\072\004\060\004\117\000\040\004\107\004\060\004\101\004\102\004\114}{}% 13
\BOOKMARK [2][-]{subsection.3.1}{\376\377\0003\000.\0001\000\040\004\041\004\076\004\067\004\064\004\060\004\075\004\070\004\065\000\040\004\104\004\060\004\071\004\073\004\060\000\040\004\061\004\070\004\061\004\073\004\070\004\076\004\063\004\100\004\060\004\104\004\070\004\070}{section.3}% 14
\BOOKMARK [2][-]{subsection.3.2}{\376\377\0003\000.\0002\000\040\004\035\004\060\004\101\004\102\004\100\004\076\004\071\004\072\004\060\000\040\004\064\004\076\004\072\004\103\004\074\004\065\004\075\004\102\004\060}{section.3}% 15
\BOOKMARK [2][-]{subsection.3.3}{\376\377\0003\000.\0003\000\040\004\037\004\100\004\070\004\074\004\065\004\100\004\113\000\040\004\106\004\070\004\102\004\070\004\100\004\076\004\062\004\060\004\075\004\070\004\117}{section.3}% 16
\BOOKMARK [3][-]{subsubsection.3.3.1}{\376\377\0003\000.\0003\000.\0001\000\040\004\046\004\070\004\102\004\070\004\100\004\076\004\062\004\060\004\075\004\070\004\065\000\040\004\072\004\075\004\070\004\063}{subsection.3.3}% 17
\BOOKMARK [3][-]{subsubsection.3.3.2}{\376\377\0003\000.\0003\000.\0002\000\040\004\046\004\070\004\102\004\070\004\100\004\076\004\062\004\060\004\075\004\070\004\065\000\040\004\101\004\102\004\060\004\102\004\065\004\071}{subsection.3.3}% 18
\BOOKMARK [3][-]{subsubsection.3.3.3}{\376\377\0003\000.\0003\000.\0003\000\040\004\046\004\070\004\102\004\070\004\100\004\076\004\062\004\060\004\075\004\070\004\065\000\040\004\076\004\075\004\073\004\060\004\071\004\075\000-\004\100\004\065\004\101\004\103\004\100\004\101\004\076\004\062}{subsection.3.3}% 19
\BOOKMARK [3][-]{subsubsection.3.3.4}{\376\377\0003\000.\0003\000.\0004\000\040\004\034\004\075\004\076\004\066\004\065\004\101\004\102\004\062\004\065\004\075\004\075\004\076\004\065\000\040\004\106\004\070\004\102\004\070\004\100\004\076\004\062\004\060\004\075\004\070\004\065}{subsection.3.3}% 20
\BOOKMARK [2][-]{subsection.3.4}{\376\377\0003\000.\0004\000\040\004\037\004\100\004\076\004\106\004\065\004\101\004\101\000\040\004\072\004\076\004\074\004\077\004\070\004\073\004\117\004\106\004\070\004\070}{section.3}% 21
\BOOKMARK [2][-]{subsection.3.5}{\376\377\0003\000.\0005\000\040\004\040\004\065\004\067\004\103\004\073\004\114\004\102\004\060\004\102\004\113\000\040\004\100\004\060\004\061\004\076\004\102\004\113}{section.3}% 22
\BOOKMARK [1][-]{section.4}{\376\377\0004\000\040\004\020\004\075\004\060\004\073\004\070\004\067\000\040\004\100\004\065\004\067\004\103\004\073\004\114\004\102\004\060\004\102\004\076\004\062}{}% 23
\BOOKMARK [2][-]{subsection.4.1}{\376\377\0004\000.\0001\000\040\004\037\004\100\004\065\004\070\004\074\004\103\004\111\004\065\004\101\004\102\004\062\004\060\000\040\004\070\004\101\004\077\004\076\004\073\004\114\004\067\004\076\004\062\004\060\004\075\004\070\004\117\000\040\000b\000i\000b\000l\000a\000t\000e\000x}{section.4}% 24
\BOOKMARK [2][-]{subsection.4.2}{\376\377\0004\000.\0002\000\040\004\041\004\100\004\060\004\062\004\075\004\065\004\075\004\070\004\065\000\040\004\101\000\040\004\100\004\103\004\107\004\075\004\113\004\074\000\040\004\076\004\104\004\076\004\100\004\074\004\073\004\065\004\075\004\070\004\065\004\074}{section.4}% 25
\BOOKMARK [2][-]{subsection.4.3}{\376\377\0004\000.\0003\000\040\004\040\004\065\004\072\004\076\004\074\004\065\004\075\004\064\004\060\004\106\004\070\004\070\000\040\004\077\004\076\000\040\004\070\004\101\004\077\004\076\004\073\004\114\004\067\004\076\004\062\004\060\004\075\004\070\004\116}{section.4}% 26
\BOOKMARK [1][-]{section.5}{\376\377\0005\000\040\004\027\004\060\004\072\004\073\004\116\004\107\004\065\004\075\004\070\004\065}{}% 27
\BOOKMARK [1][-]{appendix.A}{\376\377\000A\000\040\004\037\004\100\004\070\004\074\004\065\004\100\000\040\004\104\004\060\004\071\004\073\004\060\000\040\004\061\004\070\004\061\004\073\004\070\004\076\004\063\004\100\004\060\004\104\004\070\004\070}{}% 28
\BOOKMARK [1][-]{appendix.B}{\376\377\000B\000\040\004\032\004\076\004\074\004\060\004\075\004\064\004\113\000\040\004\072\004\076\004\074\004\077\004\070\004\073\004\117\004\106\004\070\004\070}{}% 29
\BOOKMARK [2][-]{subsection.B.1}{\376\377\000B\000.\0001\000\040\004\040\004\103\004\107\004\075\004\060\004\117\000\040\004\072\004\076\004\074\004\077\004\070\004\073\004\117\004\106\004\070\004\117}{appendix.B}% 30
\BOOKMARK [2][-]{subsection.B.2}{\376\377\000B\000.\0002\000\040\004\020\004\062\004\102\004\076\004\074\004\060\004\102\004\070\004\107\004\065\004\101\004\072\004\060\004\117\000\040\004\072\004\076\004\074\004\077\004\070\004\073\004\117\004\106\004\070\004\117}{appendix.B}% 31
\BOOKMARK [1][-]{appendix.C}{\376\377\000C\000\040\004\037\004\076\004\073\004\065\004\067\004\075\004\113\004\065\000\040\004\100\004\065\004\101\004\103\004\100\004\101\004\113}{}% 32
\BOOKMARK [2][-]{subsection.C.1}{\376\377\000C\000.\0001\000\040\004\036\004\104\004\070\004\106\004\070\004\060\004\073\004\114\004\075\004\060\004\117\000\040\004\064\004\076\004\072\004\103\004\074\004\065\004\075\004\102\004\060\004\106\004\070\004\117}{appendix.C}% 33
\BOOKMARK [2][-]{subsection.C.2}{\376\377\000C\000.\0002\000\040\004\036\004\061\004\103\004\107\004\060\004\116\004\111\004\070\004\065\000\040\004\074\004\060\004\102\004\065\004\100\004\070\004\060\004\073\004\113}{appendix.C}% 34
\BOOKMARK [2][-]{subsection.C.3}{\376\377\000C\000.\0003\000\040\004\030\004\075\004\101\004\102\004\100\004\103\004\074\004\065\004\075\004\102\004\113}{appendix.C}% 35
