\BOOKMARK [1][-]{section.1}{\376\377\004\046\004\065\004\073\004\114\000\040\004\100\004\060\004\061\004\076\004\102\004\113}{}% 1
\BOOKMARK [1][-]{section.2}{\376\377\004\042\004\065\004\076\004\100\004\065\004\102\004\070\004\107\004\065\004\101\004\072\004\070\004\065\000\040\004\101\004\062\004\065\004\064\004\065\004\075\004\070\004\117}{}% 2
\BOOKMARK [2][-]{subsection.2.1}{\376\377\004\037\004\060\004\072\004\065\004\102\000\040\000T\000i\000k\000Z}{section.2}% 3
\BOOKMARK [2][-]{subsection.2.2}{\376\377\004\044\004\100\004\060\004\072\004\102\004\060\004\073\000\040\000\253\004\032\004\076\004\062\004\065\004\100\000\040\004\041\004\065\004\100\004\077\004\070\004\075\004\101\004\072\004\076\004\063\004\076\000\273}{section.2}% 4
\BOOKMARK [1][-]{section.3}{\376\377\004\022\004\113\004\077\004\076\004\073\004\075\004\065\004\075\004\070\004\065\000\040\004\100\004\060\004\061\004\076\004\102\004\113}{}% 5
\BOOKMARK [2][-]{subsection.3.1}{\376\377\004\027\004\060\004\064\004\060\004\075\004\070\004\065\000\040\0001\000:\000\040\004\037\004\076\004\101\004\102\004\100\004\076\004\065\004\075\004\070\004\065\000\040\004\063\004\100\004\060\004\104\004\060}{section.3}% 6
\BOOKMARK [3][-]{subsubsection.3.1.1}{\376\377\004\036\004\077\004\070\004\101\004\060\004\075\004\070\004\065\000\040\004\067\004\060\004\064\004\060\004\107\004\070}{subsection.3.1}% 7
\BOOKMARK [3][-]{subsubsection.3.1.2}{\376\377\004\040\004\065\004\060\004\073\004\070\004\067\004\060\004\106\004\070\004\117}{subsection.3.1}% 8
\BOOKMARK [3][-]{subsubsection.3.1.3}{\376\377\004\040\004\065\004\067\004\103\004\073\004\114\004\102\004\060\004\102}{subsection.3.1}% 9
\BOOKMARK [2][-]{subsection.3.2}{\376\377\004\027\004\060\004\064\004\060\004\075\004\070\004\065\000\040\0002\000:\000\040\004\037\004\076\004\101\004\102\004\100\004\076\004\065\004\075\004\070\004\065\000\040\004\063\004\100\004\060\004\104\004\070\004\072\004\076\004\062\000\040\004\104\004\103\004\075\004\072\004\106\004\070\004\071}{section.3}% 10
\BOOKMARK [3][-]{subsubsection.3.2.1}{\376\377\004\036\004\077\004\070\004\101\004\060\004\075\004\070\004\065\000\040\004\067\004\060\004\064\004\060\004\107\004\070}{subsection.3.2}% 11
\BOOKMARK [3][-]{subsubsection.3.2.2}{\376\377\004\040\004\065\004\060\004\073\004\070\004\067\004\060\004\106\004\070\004\117}{subsection.3.2}% 12
\BOOKMARK [3][-]{subsubsection.3.2.3}{\376\377\004\040\004\065\004\067\004\103\004\073\004\114\004\102\004\060\004\102}{subsection.3.2}% 13
\BOOKMARK [2][-]{subsection.3.3}{\376\377\004\027\004\060\004\064\004\060\004\075\004\070\004\065\000\040\0003\000:\000\040\004\032\004\076\004\062\004\065\004\100\000\040\004\041\004\065\004\100\004\077\004\070\004\075\004\101\004\072\004\076\004\063\004\076}{section.3}% 14
\BOOKMARK [3][-]{subsubsection.3.3.1}{\376\377\004\036\004\077\004\070\004\101\004\060\004\075\004\070\004\065\000\040\004\067\004\060\004\064\004\060\004\107\004\070}{subsection.3.3}% 15
\BOOKMARK [3][-]{subsubsection.3.3.2}{\376\377\004\020\004\073\004\063\004\076\004\100\004\070\004\102\004\074}{subsection.3.3}% 16
\BOOKMARK [3][-]{subsubsection.3.3.3}{\376\377\004\040\004\065\004\060\004\073\004\070\004\067\004\060\004\106\004\070\004\117}{subsection.3.3}% 17
\BOOKMARK [3][-]{subsubsection.3.3.4}{\376\377\004\040\004\065\004\067\004\103\004\073\004\114\004\102\004\060\004\102}{subsection.3.3}% 18
\BOOKMARK [3][-]{subsubsection.3.3.5}{\376\377\004\020\004\075\004\060\004\073\004\070\004\067\000\040\004\101\004\073\004\076\004\066\004\075\004\076\004\101\004\102\004\070}{subsection.3.3}% 19
\BOOKMARK [1][-]{section.4}{\376\377\004\022\004\113\004\062\004\076\004\064\004\113}{}% 20
\BOOKMARK [1][-]{section.5}{\376\377\004\041\004\077\004\070\004\101\004\076\004\072\000\040\004\070\004\101\004\077\004\076\004\073\004\114\004\067\004\076\004\062\004\060\004\075\004\075\004\113\004\105\000\040\004\070\004\101\004\102\004\076\004\107\004\075\004\070\004\072\004\076\004\062}{}% 21
