\BOOKMARK [1][-]{section.1}{\376\377\004\022\004\062\004\065\004\064\004\065\004\075\004\070\004\065}{}% 1
\BOOKMARK [2][-]{subsection.1.1}{\376\377\004\046\004\065\004\073\004\114\000\040\004\100\004\060\004\061\004\076\004\102\004\113}{section.1}% 2
\BOOKMARK [2][-]{subsection.1.2}{\376\377\004\027\004\060\004\064\004\060\004\107\004\070\000\040\004\100\004\060\004\061\004\076\004\102\004\113}{section.1}% 3
\BOOKMARK [1][-]{section.2}{\376\377\004\042\004\065\004\076\004\100\004\065\004\102\004\070\004\107\004\065\004\101\004\072\004\060\004\117\000\040\004\107\004\060\004\101\004\102\004\114}{}% 4
\BOOKMARK [2][-]{subsection.2.1}{\376\377\004\037\004\060\004\072\004\065\004\102\000\040\000g\000r\000a\000p\000h\000i\000c\000x}{section.2}% 5
\BOOKMARK [2][-]{subsection.2.2}{\376\377\004\037\004\060\004\100\004\060\004\074\004\065\004\102\004\100\004\113\000\040\004\070\004\067\004\076\004\061\004\100\004\060\004\066\004\065\004\075\004\070\004\071}{section.2}% 6
\BOOKMARK [2][-]{subsection.2.3}{\376\377\004\037\004\073\004\060\004\062\004\060\004\116\004\111\004\070\004\065\000\040\004\076\004\061\004\112\004\065\004\072\004\102\004\113}{section.2}% 7
\BOOKMARK [1][-]{section.3}{\376\377\004\037\004\100\004\060\004\072\004\102\004\070\004\107\004\065\004\101\004\072\004\060\004\117\000\040\004\107\004\060\004\101\004\102\004\114}{}% 8
\BOOKMARK [2][-]{subsection.3.1}{\376\377\004\041\004\076\004\067\004\064\004\060\004\075\004\070\004\065\000\040\004\101\004\076\004\061\004\101\004\102\004\062\004\065\004\075\004\075\004\113\004\105\000\040\004\070\004\067\004\076\004\061\004\100\004\060\004\066\004\065\004\075\004\070\004\071\000\040\004\101\000\040\000T\000i\000k\000Z}{section.3}% 9
\BOOKMARK [3][-]{subsubsection.3.1.1}{\376\377\004\037\004\100\004\076\004\101\004\102\004\060\004\117\000\040\004\063\004\065\004\076\004\074\004\065\004\102\004\100\004\070\004\107\004\065\004\101\004\072\004\060\004\117\000\040\004\104\004\070\004\063\004\103\004\100\004\060}{subsection.3.1}% 10
\BOOKMARK [3][-]{subsubsection.3.1.2}{\376\377\004\024\004\070\004\060\004\063\004\100\004\060\004\074\004\074\004\060\000\040\004\101\000\040\004\063\004\100\004\060\004\064\004\070\004\065\004\075\004\102\004\076\004\074}{subsection.3.1}% 11
\BOOKMARK [2][-]{subsection.3.2}{\376\377\004\030\004\101\004\101\004\073\004\065\004\064\004\076\004\062\004\060\004\075\004\070\004\065\000\040\004\077\004\060\004\100\004\060\004\074\004\065\004\102\004\100\004\076\004\062\000\040\000w\000i\000d\000t\000h\000,\000\040\000h\000e\000i\000g\000h\000t\000,\000\040\000a\000n\000g\000l\000e\000\040\004\070\000\040\000s\000c\000a\000l\000e}{section.3}% 12
\BOOKMARK [3][-]{subsubsection.3.2.1}{\376\377\004\037\004\060\004\100\004\060\004\074\004\065\004\102\004\100\000\040\000w\000i\000d\000t\000h}{subsection.3.2}% 13
\BOOKMARK [3][-]{subsubsection.3.2.2}{\376\377\004\037\004\060\004\100\004\060\004\074\004\065\004\102\004\100\000\040\000a\000n\000g\000l\000e}{subsection.3.2}% 14
\BOOKMARK [3][-]{subsubsection.3.2.3}{\376\377\004\037\004\060\004\100\004\060\004\074\004\065\004\102\004\100\000\040\000s\000c\000a\000l\000e}{subsection.3.2}% 15
\BOOKMARK [2][-]{subsection.3.3}{\376\377\004\040\004\060\004\067\004\075\004\070\004\106\004\060\000\040\004\074\004\065\004\066\004\064\004\103\000\040\000t\000e\000x\000t\000w\000i\000d\000t\000h\000\040\004\070\000\040\000l\000i\000n\000e\000w\000i\000d\000t\000h}{section.3}% 16
\BOOKMARK [3][-]{subsubsection.3.3.1}{\376\377\004\024\004\065\004\074\004\076\004\075\004\101\004\102\004\100\004\060\004\106\004\070\004\117\000\040\004\062\000\040\004\076\004\061\004\113\004\107\004\075\004\076\004\074\000\040\004\100\004\065\004\066\004\070\004\074\004\065}{subsection.3.3}% 17
\BOOKMARK [3][-]{subsubsection.3.3.2}{\376\377\004\024\004\065\004\074\004\076\004\075\004\101\004\102\004\100\004\060\004\106\004\070\004\117\000\040\004\062\000\040\000m\000i\000n\000i\000p\000a\000g\000e}{subsection.3.3}% 18
\BOOKMARK [2][-]{subsection.3.4}{\376\377\004\030\004\101\004\077\004\076\004\073\004\114\004\067\004\076\004\062\004\060\004\075\004\070\004\065\000\040\004\077\004\060\004\072\004\065\004\102\004\060\000\040\000l\000i\000p\000s\000u\000m\000\040\004\064\004\073\004\117\000\040\004\064\004\073\004\070\004\075\004\075\004\076\004\063\004\076\000\040\004\102\004\065\004\072\004\101\004\102\004\060}{section.3}% 19
\BOOKMARK [2][-]{subsection.3.5}{\376\377\004\022\004\067\004\060\004\070\004\074\004\076\004\064\004\065\004\071\004\101\004\102\004\062\004\070\004\065\000\040\004\100\004\060\004\067\004\073\004\070\004\107\004\075\004\113\004\105\000\040\004\101\004\077\004\065\004\106\004\070\004\104\004\070\004\072\004\060\004\102\004\076\004\100\004\076\004\062}{section.3}% 20
\BOOKMARK [3][-]{subsubsection.3.5.1}{\376\377\004\041\004\077\004\065\004\106\004\070\004\104\004\070\004\072\004\060\004\102\004\076\004\100\000\040\000[\000h\000t\000b\000p\000]}{subsection.3.5}% 21
\BOOKMARK [3][-]{subsubsection.3.5.2}{\376\377\004\041\004\077\004\065\004\106\004\070\004\104\004\070\004\072\004\060\004\102\004\076\004\100\000\040\000[\000H\000]\000\040\040\024\000\040\004\101\004\102\004\100\004\076\004\063\004\076\004\065\000\040\004\077\004\076\004\067\004\070\004\106\004\070\004\076\004\075\004\070\004\100\004\076\004\062\004\060\004\075\004\070\004\065}{subsection.3.5}% 22
\BOOKMARK [2][-]{subsection.3.6}{\376\377\004\040\004\060\004\061\004\076\004\102\004\060\000\040\004\101\000\040\004\072\004\076\004\074\004\060\004\075\004\064\004\060\004\074\004\070\000\040\000l\000a\000b\000e\000l\000\040\004\070\000\040\000r\000e\000f}{section.3}% 23
\BOOKMARK [3][-]{subsubsection.3.6.1}{\376\377\004\032\004\076\004\073\004\070\004\107\004\065\004\101\004\102\004\062\004\076\000\040\004\072\004\076\004\074\004\077\004\070\004\073\004\117\004\106\004\070\004\071}{subsection.3.6}% 24
\BOOKMARK [1][-]{section.4}{\376\377\004\042\004\065\004\101\004\102\004\076\004\062\004\113\004\071\000\040\004\100\004\060\004\067\004\064\004\065\004\073\000\040\004\064\004\073\004\117\000\040\004\101\004\101\004\113\004\073\004\076\004\072}{}% 25
\BOOKMARK [2][-]{subsection.4.1}{\376\377\004\042\004\065\004\101\004\102\004\076\004\062\004\113\004\071\000\040\004\077\004\076\004\064\004\100\004\060\004\067\004\064\004\065\004\073}{section.4}% 26
\BOOKMARK [2][-]{subsection.4.2}{\376\377\004\025\004\111\004\065\000\040\004\076\004\064\004\070\004\075\000\040\004\077\004\076\004\064\004\100\004\060\004\067\004\064\004\065\004\073}{section.4}% 27
\BOOKMARK [3][-]{subsubsection.4.2.1}{\376\377\004\035\004\103\004\074\004\065\004\100\004\076\004\062\004\060\004\075\004\075\004\113\004\065\000\040\004\101\004\077\004\070\004\101\004\072\004\070}{subsection.4.2}% 28
\BOOKMARK [2][-]{subsection.4.3}{\376\377\004\037\004\100\004\060\004\062\004\070\004\073\004\114\004\075\004\076\004\065\000\040\004\100\004\060\004\067\004\074\004\065\004\111\004\065\004\075\004\070\004\065\000\040\000l\000a\000b\000e\000l\000\040\004\076\004\102\004\075\004\076\004\101\004\070\004\102\004\065\004\073\004\114\004\075\004\076\000\040\000c\000a\000p\000t\000i\000o\000n}{section.4}% 29
\BOOKMARK [3][-]{subsubsection.4.3.1}{\376\377\004\035\004\065\004\077\004\100\004\060\004\062\004\070\004\073\004\114\004\075\004\076\004\065\000\040\004\100\004\060\004\067\004\074\004\065\004\111\004\065\004\075\004\070\004\065\000\040\000\050\000l\000a\000b\000e\000l\000\040\004\077\004\065\004\100\004\065\004\064\000\040\000c\000a\000p\000t\000i\000o\000n\000\051}{subsection.4.3}% 30
\BOOKMARK [3][-]{subsubsection.4.3.2}{\376\377\004\037\004\100\004\060\004\062\004\070\004\073\004\114\004\075\004\076\004\065\000\040\004\100\004\060\004\067\004\074\004\065\004\111\004\065\004\075\004\070\004\065\000\040\000\050\000l\000a\000b\000e\000l\000\040\004\077\004\076\004\101\004\073\004\065\000\040\000c\000a\000p\000t\000i\000o\000n\000\051}{subsection.4.3}% 31
\BOOKMARK [2][-]{subsection.4.4}{\376\377\000L\000a\000b\000e\000l\000\040\004\064\004\073\004\117\000\040\004\103\004\100\004\060\004\062\004\075\004\065\004\075\004\070\004\071}{section.4}% 32
\BOOKMARK [3][-]{subsubsection.4.4.1}{\376\377\004\037\004\100\004\060\004\062\004\070\004\073\004\114\004\075\004\076\004\065\000\040\004\100\004\060\004\067\004\074\004\065\004\111\004\065\004\075\004\070\004\065\000\040\000l\000a\000b\000e\000l\000\040\004\062\000\040\004\103\004\100\004\060\004\062\004\075\004\065\004\075\004\070\004\070}{subsection.4.4}% 33
\BOOKMARK [3][-]{subsubsection.4.4.2}{\376\377\004\035\004\065\004\077\004\100\004\060\004\062\004\070\004\073\004\114\004\075\004\076\004\065\000\040\004\100\004\060\004\067\004\074\004\065\004\111\004\065\004\075\004\070\004\065\000\040\000\050\000l\000a\000b\000e\000l\000\040\004\077\004\076\004\101\004\073\004\065\000\040\000e\000n\000d\000e\000q\000u\000a\000t\000i\000o\000n\000\051}{subsection.4.4}% 34
\BOOKMARK [3][-]{subsubsection.4.4.3}{\376\377\004\037\004\100\004\060\004\062\004\070\004\073\004\114\004\075\004\113\004\071\000\040\004\077\004\100\004\070\004\074\004\065\004\100}{subsection.4.4}% 35
\BOOKMARK [1][-]{section.5}{\376\377\004\055\004\072\004\101\004\077\004\065\004\100\004\070\004\074\004\065\004\075\004\102\004\113\000\040\004\101\000\040\004\064\004\062\004\103\004\105\004\072\004\076\004\073\004\076\004\075\004\076\004\107\004\075\004\113\004\074\000\040\004\100\004\065\004\066\004\070\004\074\004\076\004\074}{}% 36
\BOOKMARK [2][-]{subsection.5.1}{\376\377\004\037\004\076\004\062\004\065\004\064\004\065\004\075\004\070\004\065\000\040\000t\000e\000x\000t\000w\000i\000d\000t\000h\000\040\004\070\000\040\000l\000i\000n\000e\000w\000i\000d\000t\000h\000\040\004\062\000\040\000t\000w\000o\000c\000o\000l\000u\000m\000n}{section.5}% 37
\BOOKMARK [2][-]{subsection.5.2}{\376\377\004\030\004\067\004\076\004\061\004\100\004\060\004\066\004\065\004\075\004\070\004\117\000\040\004\075\004\060\000\040\004\062\004\101\004\116\000\040\004\110\004\070\004\100\004\070\004\075\004\103\000\040\004\101\004\102\004\100\004\060\004\075\004\070\004\106\004\113}{section.5}% 38
\BOOKMARK [1][-]{section.6}{\376\377\004\024\004\076\004\077\004\076\004\073\004\075\004\070\004\102\004\065\004\073\004\114\004\075\004\113\004\065\000\040\004\115\004\072\004\101\004\077\004\065\004\100\004\070\004\074\004\065\004\075\004\102\004\113}{}% 39
\BOOKMARK [2][-]{subsection.6.1}{\376\377\004\036\004\061\004\102\004\065\004\072\004\060\004\075\004\070\004\065\000\040\004\102\004\065\004\072\004\101\004\102\004\076\004\074}{section.6}% 40
\BOOKMARK [2][-]{subsection.6.2}{\376\377\004\034\004\075\004\076\004\066\004\065\004\101\004\102\004\062\004\065\004\075\004\075\004\113\004\065\000\040\004\070\004\067\004\076\004\061\004\100\004\060\004\066\004\065\004\075\004\070\004\117}{section.6}% 41
\BOOKMARK [1][-]{section.7}{\376\377\004\040\004\065\004\067\004\103\004\073\004\114\004\102\004\060\004\102\004\113\000\040\004\115\004\072\004\101\004\077\004\065\004\100\004\070\004\074\004\065\004\075\004\102\004\076\004\062}{}% 42
\BOOKMARK [2][-]{subsection.7.1}{\376\377\004\037\004\060\004\100\004\060\004\074\004\065\004\102\004\100\004\113\000\040\004\070\004\067\004\076\004\061\004\100\004\060\004\066\004\065\004\075\004\070\004\071}{section.7}% 43
\BOOKMARK [2][-]{subsection.7.2}{\376\377\004\041\004\077\004\065\004\106\004\070\004\104\004\070\004\072\004\060\004\102\004\076\004\100\004\113\000\040\004\077\004\076\004\067\004\070\004\106\004\070\004\076\004\075\004\070\004\100\004\076\004\062\004\060\004\075\004\070\004\117}{section.7}% 44
\BOOKMARK [2][-]{subsection.7.3}{\376\377\004\041\004\070\004\101\004\102\004\065\004\074\004\060\000\040\004\077\004\065\004\100\004\065\004\072\004\100\004\065\004\101\004\102\004\075\004\113\004\105\000\040\004\101\004\101\004\113\004\073\004\076\004\072}{section.7}% 45
\BOOKMARK [1][-]{section.8}{\376\377\004\022\004\113\004\062\004\076\004\064\004\113}{}% 46
\BOOKMARK [2][-]{subsection.8.1}{\376\377\004\037\004\100\004\060\004\072\004\102\004\070\004\107\004\065\004\101\004\072\004\070\004\065\000\040\004\100\004\065\004\072\004\076\004\074\004\065\004\075\004\064\004\060\004\106\004\070\004\070}{section.8}% 47
\BOOKMARK [1][-]{section.9}{\376\377\004\041\004\077\004\070\004\101\004\076\004\072\000\040\004\070\004\101\004\077\004\076\004\073\004\114\004\067\004\076\004\062\004\060\004\075\004\075\004\113\004\105\000\040\004\070\004\101\004\102\004\076\004\107\004\075\004\070\004\072\004\076\004\062}{}% 48
\BOOKMARK [1][-]{section*.22}{\376\377\004\037\004\100\004\070\004\073\004\076\004\066\004\065\004\075\004\070\004\065\000\040\004\020\000.\000\040\004\037\004\100\004\070\004\074\004\065\004\100\000\040\004\072\004\076\004\064\004\060}{}% 49
